===========================================================
 SUMACLUST version 1.0.36
 Alignment using SSE2 instructions.
===========================================================
Reading dataset...
32 sequences
Indexing dataset... : Done
Sorting sequences by count...
Maximum ratio between the counts of two sequences to connect them: 1.000000
Clustering sequences when similarity >= 0.970000
Aligning and clustering... 
Done : 0.000000 %       0 clusters createdDone : 100 %       20 clusters created.                        
>E.faecalis.1 count=1; cluster_weight=2; cluster=E.faecalis.1; cluster_score=1.000000; cluster_center=True; 
tagggaatcttcggcaatggacgaaagtctgaccgagcaacgccgcgtgagtgaagaagg
ttttcggatcgtaaaactctgttgttagagaagaacaaggacgttagtaactgaacgtcc
cctgacggtatctaaccagaaagccacggctaactacgtgccagcagccgcggtaatacg
taggtggcaagcgttgtccggatttattgggcgtaaagcgagcgcaggcggtttcttaag
tctgatgtgaaagcccccggctcaaccggggagggtcattggaaactgggagacttgagt
gcagaagaggagagtggaattccatgtgtagcggtgaaatgcgtagatatatggaggaac
accagtggcgaaggcggctctctggtctgtaactgacgctgaggctcgaaagcgtgggga
gcaaacaggattagataccctggtagtccacgccgtaaacgatgagtgctaagtgttgga
gggtttccgcccttcagtgctgcagcaaacgcattaagcactccgcctggggagtacgac
c
>E.faecalis.2 count=1; cluster_weight=2; cluster=E.faecalis.1; cluster_score=1.000000; cluster_center=False; 
tagggaatcttcggcaatggacgaaagtctgaccgagcaacgccgcgtgagtgaagaagg
ttttcggatcgtaaaactctgttgttagagaagaacaaggacgttagtaactgaacgtcc
cctgacggtatctaaccagaaagccacggctaactacgtgccagcagccgcggtaatacg
taggtggcaagcgttgtccggatttattgggcgtaaagcgagcgcaggcggtttcttaag
tctgatgtgaaagcccccggctcaaccggggagggtcattggaaactgggagacttgagt
gcagaagaggagagtggaattccatgtgtagcggtgaaatgcgtagatatatggaggaac
accagtggcgaaggcggctctctggtctgtaactgacgctgaggctcgaaagcgtgggga
gcaaacaggattagataccctggtagtccacgccgtaaacgatgagtgctaagtgttgga
gggtttccgcccttcagtgctgcagcaaacgcattaagcactccgcctggggagtacgac
c
>H.pylori.1 count=1; cluster_weight=1; cluster=H.pylori.1; cluster_score=1.000000; cluster_center=True; 
tagggaatattgctcaatgggggaaaccctgaagcagcaacgccgcgtggaggatgaagg
ttttaggattgtaaactccttttgttagagaagataatgacggtatctaacgaataagca
ccggctaactccgtgccagcagccgcggtaatacggagggtgcaagcgttactcggaatc
actgggcgtaaagagcgcgtaggcgggatagtcagtcaggtgtgaaatcctatggcttaa
ccatagaactgcatttgaaactactattctagagtgtgggagaggtaggtggaattcttg
gtgtaggggtaaaatccgtagagatcaagaggaatactcattgcgaaggcgacctgctgg
aacattactgacgctgattgcgcgaaagcgtggggagcaaacaggattagataccctggt
agtccacgccctaaacgatggatgctagttgttggagggcttagtctctccagtaatgca
gctaacgcattaagcatcccgcctggggagtacggtc
>L.gasseri.1 count=1; cluster_weight=1; cluster=L.gasseri.1; cluster_score=1.000000; cluster_center=True; 
tagggaatcttccacaatggacgcaagtctgatggagcaacgccgcgtgagtgaagaagg
gtttcggctcgtaaagctctgttggtagtgaagaaagatagaggtagtaactggccttta
tttgacggtaattacttagaaagtcacggctaactacgtgccagcagccgcggtaatacg
taggtggcaagcgttgtccggatttattgggcgtaaagcgagtgcaggcggttcaataag
tctgatgtgaaagccttcggctcaaccggagaattgcatcagaaactgttgaacttgagt
gcagaagaggagagtggaactccatgtgtagcggtggaatgcgtagatatatggaagaac
accagtggcgaaggcggctctctggtctgcaactgacgctgaggctcgaaagcatgggta
gcgaacaggattagataccctggtagtccatgccgtaaacgatgagtgctaagtgttggg
aggtttccgcctctcagtgctgcagctaacgcattaagcactccgcctggggagtacgac
c
>B.cereus.1 count=1; cluster_weight=1; cluster=B.cereus.1; cluster_score=1.000000; cluster_center=True; 
tagggaatcttccgcaatggacgaaagtctgacggagcaacgccgcgtgagtgatgaagg
ctttcgggtcgtaaaactctgttgttagggaagaacaagtgctagttgaataagctggca
ccttgacggtacctaaccagaaagccacggctaactacgtgccagcagccgcggtaatac
gtaggtggcaagcgttatccggaattattgggcgtaaagcgcgcgcaggtggtttcttaa
gtctgatgtgaaagcccacggctcaaccgtggagggtcattggaaactgggagacttgag
tgcagaagaggaaagtggaattccatgtgtagcggtgaaatgcgtagagatatggaggaa
caccagtggcgaaggcgactttctggtctgtaactgacactgaggcgcgaaagcgtgggg
agcaaacaggattagataccctggtagtccacgccgtaaacgatgagtgctaagtgttag
agggtttccgccctttagtgctgaagttaacgcattaagcactccgcctggggagtacgg
cc
>L.monocytogenes.1 count=1; cluster_weight=1; cluster=L.monocytogenes.1; cluster_score=1.000000; cluster_center=True; 
tagggaatcttccgcaatggacgaaagtctgacggagcaacgccgcgtgtatgaagaagg
ttttcggatcgtaaagtactgttgttagagaagaacaaggataagagtaactgcttgtcc
cttgacggtatctaaccagaaagccacggctaactacgtgccagcagccgcggtaatacg
taggtggcaagcgttgtccggatttattgggcgtaaagcgcgcgcaggcggtcttttaag
tctgatgtgaaagcccccggcttaaccggggagggtcattggaaactggaagactggagt
gcagaagaggagagtggaattccacgtgtagcggtgaaatgcgtagatatgtggaggaac
accagtggcgaaggcgactctctggtctgtaactgacgctgaggcgcgaaagcgtgggga
gcaaacaggattagataccctggtagtccacgccgtaaacgatgagtgctaagtgttagg
gggtttccgccccttagtgctgcagctaacgcattaagcactccgcctggggagtacgac
c
>S.epidermidis.1 count=1; cluster_weight=5; cluster=S.epidermidis.1; cluster_score=1.000000; cluster_center=True; 
tagggaatcttccgcaatgggcgaaagcctgacggagcaacgccgcgtgagtgatgaagg
tcttcggatcgtaaaactctgttattagggaagaacaaatgtgtaagtaactatgcacgt
cttgacggtacctaatcagaaagccacggctaactacgtgccagcagccgcggtaatacg
taggtggcaagcgttatccggaattattgggcgtaaagcgcgcgtaggcggttttttaag
tctgatgtgaaagcccacggctcaaccgtggagggtcattggaaactggaaaacttgagt
gcagaagaggaaagtggaattccatgtgtagcggtgaaatgcgcagagatatggaggaac
accagtggcgaaggcgactttctggtctgtaactgacgctgatgtgcgaaagcgtgggga
tcaaacaggattagataccctggtagtccacgccgtaaacgatgagtgctaagtgttagg
gggtttccgccccttagtgctgcagctaacgcattaagcactccgcctggggagtacgac
c
>S.aureus.1 count=1; cluster_weight=5; cluster=S.epidermidis.1; cluster_score=0.994455; cluster_center=False; 
tagggaatcttccgcaatgggcgaaagcctgacggagcaacgccgcgtgagtgatgaagg
tcttcggatcgtaaaactctgttattagggaagaacatatgtgtaagtaactgtgcacat
cttgacggtacctaatcagaaagccacggctaactacgtgccagcagccgcggtaatacg
taggtggcaagcgttatccggaattattgggcgtaaagcgcgcgtaggcggttttttaag
tctgatgtgaaagcccacggctcaaccgtggagggtcattggaaactggaaaacttgagt
gcagaagaggaaagtggaattccatgtgtagcggtgaaatgcgcagagatatggaggaac
accagtggcgaaggcgactttctggtctgtaactgacgctgatgtgcgaaagcgtgggga
tcaaacaggattagataccctggtagtccacgccgtaaacgatgagtgctaagtgttagg
gggtttccgccccttagtgctgcagctaacgcattaagcactccgcctggggagtacgac
c
>S.aureus.5 count=1; cluster_weight=5; cluster=S.epidermidis.1; cluster_score=0.992606; cluster_center=False; 
tagggaatcttccgcaatgggcgaaagcctgacggagcaacgccgcgtgagtgatgaagg
tcttcggatcgtaaaactctgttattagggaagaacatatgtgtaagtaactgtgcacat
cttgacggtacctaatcagaaagccacggctaactacgtgccagcagccgcggtaatacg
taggtggcaagcgttatccggaattattgggcgtaaagcgcgcgtaggcggttttttaag
tctgatgtgaaagcccacggctcaaccgtggagggttattggaaactggaaaacttgagt
gcagaagaggaaagtggaattccatgtgtagcggtgaaatgcgcagagatatggaggaac
accagtggcgaaggcgactttctggtctgtaactgacgctgatgtgcgaaagcgtgggga
tcaaacaggattagataccctggtagtccacgccgtaaacgatgagtgctaagtgttagg
gggtttccgccccttagtgctgcagctaacgcattaagcactccgcctggggagtacgac
c
>S.epidermidis.5 count=1; cluster_weight=5; cluster=S.epidermidis.1; cluster_score=0.987061; cluster_center=False; 
tagggaatcttccgcaatgggcgaaagcttgacggagcaacgccgcgtgagtgatgaagg
tcttcggatcgtaaaactctgttattagggaagaacaaatgtctaagtaactatgcacgt
cttgacggtacctaatcagaaagccacggctaactacgtgccagcagccgcggtaatacg
taggtggcaagcgttgtccggaatcattgggcgtaaagcgcgcgtaggcggtttcttaag
tctgatgtgaaagcccacggctcaaccgtggagggtcattggaaactggaggacttgagt
gcagaagaggaaagtggaattccatgtgtagcggtgaaatgcgcagagatatggaggaac
accagtggcgaaggcgactttctggtctgtaactgacgctgatgtgcgaaagcgtgggga
tcaaacaggattagataccctggtagtccacgccgtaaacgatgagtgctaagtgttagg
gggtttccgccccttagtgctgcagctaacgcattaagcactccgcctggggagtacgac
c
>S.epidermidis.2 count=1; cluster_weight=5; cluster=S.epidermidis.1; cluster_score=0.998152; cluster_center=False; 
tagggaatcttccgcaatgggcgaaagcttgacggagcaacgccgcgtgagtgatgaagg
tcttcggatcgtaaaactctgttattagggaagaacaaatgtgtaagtaactatgcacgt
cttgacggtacctaatcagaaagccacggctaactacgtgccagcagccgcggtaatacg
taggtggcaagcgttatccggaattattgggcgtaaagcgcgcgtaggcggttttttaag
tctgatgtgaaagcccacggctcaaccgtggagggtcattggaaactggaaaacttgagt
gcagaagaggaaagtggaattccatgtgtagcggtgaaatgcgcagagatatggaggaac
accagtggcgaaggcgactttctggtctgtaactgacgctgatgtgcgaaagcgtgggga
tcaaacaggattagataccctggtagtccacgccgtaaacgatgagtgctaagtgttagg
gggtttccgccccttagtgctgcagctaacgcattaagcactccgcctggggagtacgac
c
>S.mutans.1 count=1; cluster_weight=1; cluster=S.mutans.1; cluster_score=1.000000; cluster_center=True; 
tagggaatcttcggcaatggacgaaagtctgaccgagcaacgccgcgtgagtgaagaagg
ttttcggatcgtaaagctctgttgtaagtcaagaacgtgtgtgagagtggaaagttcaca
cagtgacggtagcttaccagaaagggacggctaactacgtgccagcagccgcggtaatac
gtaggtcccgagcgttgtccggatttattgggcgtaaagggagcgcaggcggtcaggaaa
gtctggagtaaaaggctatggctcaaccatagtgtgctctggaaactgtctgacttgagt
gcagaaggggagagtggaattccatgtgtagcggtgaaatgcgtagatatatggaggaac
accagtggcgaaagcggctctctggtctgtcactgacgctgaggctcgaaagcgtgggta
gcgaacaggattagataccctggtagtccacgccgtaaacgatgagtgctaggtgttagg
ccctttccggggcttagtgccggagctaacgcaataagcactccgcctggggagtacgac
c
>S.pneumoniae.1 count=1; cluster_weight=1; cluster=S.pneumoniae.1; cluster_score=1.000000; cluster_center=True; 
tagggaatcttcggcaatggacggaagtctgaccgagcaacgccgcgtgagtgaagaagg
ttttcggatcgtaaagctctgttgtaagagaagaacgagtgtgagagtggaaagttcaca
ctgtgacggtatcttaccagaaagggacggctaactacgtgccagcagccgcggtaatac
gtaggtcccgagcgttgtccggatttattgggcgtaaagcgagcgcaggcggttagataa
gtctgaagttaaaggctgtggcttaaccatagtaggctttggaaactgtttaacttgagt
gcaagaggggagagtggaattccatgtgtagcggtgaaatgcgtagatatatggaggaac
accggtggcgaaagcggctctctggcttgtaactgacgctgaggctcgaaagcgtgggga
gcaaacaggattagataccctggtagtccacgctgtaaacgatgagtgctaggtgttaga
ccctttccggggtttagtgccgtagctaacgcattaagcactccgcctggggagtacgac
c
>S.agalactiae.1 count=1; cluster_weight=1; cluster=S.agalactiae.1; cluster_score=1.000000; cluster_center=True; 
tagggaatcttcggcaatggacggaagtctgaccgagcaacgccgcgtgagtgaagaagg
ttttcggatcgtaaagctctgttgttagagaagaacgttggtaggagtggaaaatctacc
aagtgacggtaactaaccagaaagggacggctaactacgtgccagcagccgcggtaatac
gtaggtcccgagcgttgtccggatttattgggcgtaaagcgagcgcaggcggttctttaa
gtctgaagttaaaggcagtggcttaaccattgtacgctttggaaactggaggacttgagt
gcagaaggggagagtggaattccatgtgtagcggtgaaatgcgtagatatatggaggaac
accggtggcgaaagcggctctctggtctgtaactgacgctgaggctcgaaagcgtgggga
gcaaacaggattagataccctggtagtccacgccgtaaacgatgagtgctaggtgttagg
ccctttccggggcttagtgccgcagctaacgcattaagcactccgcctggggagtacgac
c
>B.vulgatus.7 count=1; cluster_weight=5; cluster=B.vulgatus.7; cluster_score=1.000000; cluster_center=True; 
tgaggaatattggtcaatgggcgagagcctgaaccagccaagtagcgtgaaggatgactg
ccctatgggttgtaaacttcttttataaaggaataaagtcgggtatgcatacccgtttgc
atgtactttatgaataaggatcggctaactccgtgccagcagccgcggtaatacggagga
tccgagcgttatccggatttattgggtttaaagggagcgtagatggatgtttaagtcagt
tgtgaaagtttgcggctcaaccgtaaaattgcagttgatactggatatcttgagtgcagt
tgaggcaggcggaattcgtggtgtagcggtgaaatgcttagatatcacgaggaactccga
ttgcgaaggcagcctgctaagctgcaactgacattgaggctcgaaagtgtgggtatcaaa
caggattagataccctggtagtccacacggtaaacgatgaatactcgctgtttgcgatat
acggcaagcggccaagcgaaagcgttaagtattccacctggggagtacgccg
>B.vulgatus.4 count=1; cluster_weight=5; cluster=B.vulgatus.7; cluster_score=0.992481; cluster_center=False; 
tgaggaatattggtcaatgggcgagagcctgaaccagccaagtagcgtgaaggatgactg
ccctatgggttgtaaacttcttttataaaggaataaagtcgggtatggatacccgtttgc
atgtactttatgaataaggatcggctaactccgtgccagcagccgcggtaatacggagga
tccgagcgttatccggatttattgggtttaaagggagcgtagatggatatttaagtcagt
tgtgaaagtttgcggctcaaccgtaaaattgcagttgatactggatatcttgagtgcagt
tgaggcaggcggaattcgtggtgtagcggtgaaatgcttagatatcacgaagaactccga
ttgcgaaggcagcctgctaagctgcaactgacattgaggctcgaaagtgtgggtatcaaa
caggattagataccctggtagtccacacggtaaacgatgaatactcgctgtttgcgatat
actgcaagcggccaagcgaaagcgttaagtattccacctggggagtacgccg
>B.vulgatus.2 count=1; cluster_weight=5; cluster=B.vulgatus.7; cluster_score=0.996241; cluster_center=False; 
tgaggaatattggtcaatgggcgagagcctgaaccagccaagtagcgtgaaggatgactg
ccctatgggttgtaaacttcttttataaaggaataaagtcgggtatggatacccgtttgc
atgtactttatgaataaggatcggctaactccgtgccagcagccgcggtaatacggagga
tccgagcgttatccggatttattgggtttaaagggagcgtagatggatgtttaagtcagt
tgtgaaagtttgcggctcaaccgtaaaattgcagttgatactggatatcttgagtgcagt
tgaggcaggcggaattcgtggtgtagcggtgaaatgcttagatatcacgaagaactccga
ttgcgaaggcagcctgctaagctgcaactgacattgaggctcgaaagtgtgggtatcaaa
caggattagataccctggtagtccacacggtaaacgatgaatactcgctgtttgcgatat
acggcaagcggccaagcgaaagcgttaagtattccacctggggagtacgccg
>B.vulgatus.5 count=1; cluster_weight=5; cluster=B.vulgatus.7; cluster_score=0.994361; cluster_center=False; 
tgaggaatattggtcaatgggcgagagcctgaaccagccaagtagcgtgaaggatgactg
ccctatgggttgtaaacttcttttataaaggaataaagtcgggtatggatacccgtttgc
atgtactttatgaataaggatcggctaactccgtgccagcagccgcggtaatacggagga
tccgagcgttatccggatttattgggtttaaagggagcgtagatggatgtttaagtcagt
tgtgaaagtttgcggctcaaccgtaaaattgcagttgatactggatatcttgagtgcagt
tgaggcaggcggaattcgtggtgtagcggtgaaatgcttagatatcacgaagaactccga
ttgcgaaggcagcctgctaagctgcaactgacattgaggctcgaaagtgtgggtatcaaa
caggattagataccctggtagtccacacggtaaacgatgaatactcgctgtttgcgatat
actgcaagcggccaagcgaaagcgttaagtattccacctggggagtacgccg
>P.gingivalis.1 count=1; cluster_weight=1; cluster=P.gingivalis.1; cluster_score=1.000000; cluster_center=True; 
tgaggaatattggtcaatgggcgagagcctgaaccagccaagtcgcgtgaaggaagactg
tcctaaggattgtaaacttcttttatacgggaataacgggcgatacgagtattgcattga
atgtaccgtaagaataagcatcggctaactccgtgccagcagccgcggtaatacggagga
tgcgagcgttatccggatttattgggtttaaagggtgcgtaggttgttcggtaagtcagc
ggtgaaacctgagcgctcaacgttcagcctgccgttgaaactgccgggcttgagttcagc
ggcggcaggcggaattcgtggtgtagcggtgaaatgcatagatatcacgaggaactccga
ttgcgaaggcagcttgccatactgcgactgacactgaagcacgaaggcgtgggtatcaaa
caggattagataccctggtagtccacgcagtaaacgatgattactaggagtttgcgatat
accgtcaagcttccacagcgaaagcgttaagtaatccacctggggagtacgccg
>B.vulgatus.1 count=1; cluster_weight=5; cluster=B.vulgatus.7; cluster_score=0.992495; cluster_center=False; 
tgaggaatattggtcaatgggcgcaggcctgaaccagccaagtagcgtgaaggatgactg
ccctatgggttgtaaacttcttttataaaggaataaagtcgggtatggatacccgtttgc
atgtactttatgaataaggatcggctaactccgtgccagcagccgcggtaatacggagga
tccgagcgttatccggatttattgggtttaaagggagcgtagatggatgtttaagtcagt
tgtgaaagtttgcggctcaaccgtaaaattgcagttgatactggatatcttgagtgcagt
tgaggcaggcggaattcgtggtgtagcggtgaaatgcttagatatcacgaagaactccga
ttgcgaaggcagcctgctaagctgcaactgacattgaggctcgaaagtgtgggtatcaaa
caggattagataccctggtagtccacacggtaaacgatgaatactcgctgtttgcgatat
acggcaagcggccaagcgaaagcgttaagtattccacctggggagtacgccg
>A.odontolyticus.1 count=1; cluster_weight=1; cluster=A.odontolyticus.1; cluster_score=1.000000; cluster_center=True; 
tggggaatattgcacaatgggcgaaagcctgatgcagcgacgccgcgtgagggatggagg
ccttcgggttgtaaacctctttcgctcatggtcaagccgcaactcaaggttgtggtgagg
gtagtgggtaaagaagcgccggctaactacgtgccagcagccgcggtaatacgtagggcg
cgagcgttgtccggaattattgggcgtaaagggcttgtaggcggttggtcgcgtctgccg
tgaaatcctctggcttaactgggggcgtgcggtgggtacgggctgacttgagtgcggtag
gggagactggaactcctggtgtagcggtggaatgcgcagatatcaggaagaacaccggtg
gcgaaggcgggtctctgggccgttactgacgctgaggagcgaaagcgtggggagcgaaca
ggattagataccctggtagtccacgctgtaaacgttgggcactaggtgtgggggccaccc
gtggtttctgcgccgtagctaacgctttaagtgccccgcctggggagtacggcc
>E.coli.1 count=1; cluster_weight=1; cluster=E.coli.1; cluster_score=1.000000; cluster_center=True; 
tggggaatattgcacaatgggcgcaagcctgatgcagccatgccgcgtgtatgaagaagg
ccttcgggttgtaaagtactttcagcggggaggaagggagtaaagttaatacctttgctc
attgacgttacccgcagaagaagcaccggctaactccgtgccagcagccgcggtaatacg
gagggtgcaagcgttaatcggaattactgggcgtaaagcgcacgcaggcggtttgttaag
tcagatgtgaaatccccgggctcaacctgggaactgcatctgatactggcaagcttgagt
ctcgtagaggggggtagaattccaggtgtagcggtgaaatgcgtagagatctggaggaat
accggtggcgaaggcggccccctggacgaagactgacgctcaggtgcgaaagcgtgggga
gcaaacaggattagataccctggtagtccacgccgtaaacgatgtcgacttggaggttgt
gcccttgaggcgtggcttccggagctaacgcgttaagtcgaccgcctggggagtacggcc
>P.acnes.1 count=1; cluster_weight=1; cluster=P.acnes.1; cluster_score=1.000000; cluster_center=True; 
tggggaatattgcacaatgggcggaagcctgatgcagcaacgccgcgtgcgggatgacgg
ccttcgggttgtaaaccgctttcgcctgtgacgaagcgtgagtgacggtaatgggtaaag
aagcaccggctaactacgtgccagcagccgcggtgatacgtagggtgcgagcgttgtccg
gatttattgggcgtaaagggctcgtaggtggttgatcgcgtcggaagtgtaatcttgggg
cttaaccctgagcgtgctttcgatacgggttgacttgaggaaggtaggggagaatggaat
tcctggtggagcggtggaatgcgcagatatcaggaggaacaccagtggcgaaggcggttc
tctgggcctttcctgacgctgaggagcgaaagcgtggggagcgaacaggcttagataccc
tggtagtccacgctgtaaacggtgggtactaggtgtggggtccattccacgggttccgtg
ccgtagctaacgctttaagtaccccgcctggggagtacggcc
>C.beijerinckii.1 count=1; cluster_weight=3; cluster=C.beijerinckii.1; cluster_score=1.000000; cluster_center=True; 
tggggaatattgcacaatgggggaaaccctgatgcagcaacgccgcgtgagtgatgacgg
tcttcggattgtaaagctctgtcttcagggacgataatgacggtacctgaggaggaagcc
acggctaactacgtgccagcagccgcggtaatacgtaggtggcaagcgttgtccggattt
actgggcgtaaagggagcgtaggtggatatttaagtgggatgtgaaatactcgggcttaa
cctgggtgctgcattccaaactggatatctagagtgcaggagaggaaagtagaattccta
gtgtagcggtgaaatgcgtagagattaggaagaataccagtggcgaaggcgactttctgg
actgtaactgacactgaggctcgaaagcgtggggagcaaacaggattagataccctggta
gtccacgccgtaaacgatgaatactaggtgtaggggttgtcatgacctctgtgccgccgc
taacgcattaagtattccgcctggggagtacggtc
>C.beijerinckii.3 count=1; cluster_weight=3; cluster=C.beijerinckii.1; cluster_score=0.998058; cluster_center=False; 
tggggaatattgcacaatgggggaaaccctgatgcagcaacgccgcgtgagtgatgacgg
tcttcggattgtaaagctctgtcttcagggacgataatgacggtacctgaggaggaagcc
acggctaactacgtgccagcagccgcggtaatacgtaggtggcaagcgttgtccggattt
actgggcgtaaagggagcgtaggtggatatttaagtgggatgtgaaatactcgggcttaa
cctgggtgctgcattccaaactggatatctagagtgcaggagaggaaagtagaattccta
gtgtagcggtgaaatgcgtagagattaggaagaataccagtggcgaaggcgactttctgg
actgtaactgacactgaggctcgaaagcgtggggagcaaacaggattagataccctggta
gtccacgccgtaaacgatgaatactaggtgtaggggttgtcatgacctctgtgccgtcgc
taacgcattaagtattccgcctggggagtacggtc
>C.beijerinckii.4 count=1; cluster_weight=3; cluster=C.beijerinckii.1; cluster_score=0.998058; cluster_center=False; 
tggggaatattgcacaatgggggaaaccctgatgcagcaacgccgcgtgagtgatgacgg
tcttcggattgtaaagctctgtcttcagggacgataatgacggtacctgaggaggaagcc
acggctaactacgtgccagcagccgcggtaatacgtaggtggcaagcgttgtccggattt
actgggcgtaaagggagcgtaggtggatatttaagtgggatgtgaaatactcgggcttaa
cctgggtgctgcattccaaactggatatctagagtgcaggagaggaaagtagaattctta
gtgtagcggtgaaatgcgtagagattaggaagaataccagtggcgaaggcgactttctgg
actgtaactgacactgaggctcgaaagcgtggggagcaaacaggattagataccctggta
gtccacgccgtaaacgatgaatactaggtgtaggggttgtcatgacctctgtgccgccgc
taacgcattaagtattccgcctggggagtacggtc
>P.aeruginosa.2 count=1; cluster_weight=2; cluster=P.aeruginosa.2; cluster_score=1.000000; cluster_center=True; 
tggggaatattggacaatgggcgaaagcctgatccagccatgccgcgtgtgtgaagaagg
tcttcggattgtaaagcactttaagttgggaggaagggcagtaagttaataccttgctgt
tttgacgttaccaacagaataagcaccggctaacttcgtgccagcagccgcggtaatacg
aagggtgcaagcgttaatcggaattactgggcgtaaagcgcgcgtaggtggttcagcaag
ttggatgtgaaatccccgggctcaacctgggaactgcatccaaaactactgagctagagt
acggtagagggtggtggaatttcctgtgtagcggtgaaatgcgtagatataggaaggaac
accagtggcgaaggcgaccacctggactgatactgacactgaggtgcgaaagcgtgggga
gcaaacaggattagataccctggtagtccacgccgtaaacgatgtcgactagccgttggg
atccttgagatcatagtggcgcagctaacgcgataagtcgaccgcctggggagtacggcc
>P.aeruginosa.1 count=1; cluster_weight=2; cluster=P.aeruginosa.2; cluster_score=0.998148; cluster_center=False; 
tggggaatattggacaatgggcgaaagcctgatccagccatgccgcgtgtgtgaagaagg
tcttcggattgtaaagcactttaagttgggaggaagggcagtaagttaataccttgctgt
tttgacgttaccaacagaataagcaccggctaacttcgtgccagcagccgcggtaatacg
aagggtgcaagcgttaatcggaattactgggcgtaaagcgcgcgtaggtggttcagcaag
ttggatgtgaaatccccgggctcaacctgggaactgcatccaaaactactgagctagagt
acggtagagggtggtggaatttcctgtgtagcggtgaaatgcgtagatataggaaggaac
accagtggcgaaggcgaccacctggactgatactgacactgaggtgcgaaagcgtgggga
gcaaacaggattagataccctggtagtccacgccgtaaacgatgtcgactagccgttggg
atccttgagatcttagtggcgcagctaacgcgataagtcgaccgcctggggagtacggcc
>A.baumannii.1 count=1; cluster_weight=1; cluster=A.baumannii.1; cluster_score=1.000000; cluster_center=True; 
tggggaatattggacaatggggggaaccctgatccagccatgccgcgtgtgtgaagaagg
ccttatggttgtaaagcactttaagcgaggaggaggctactttagttaatacctagagat
agtggacgttactcgcagaataagcaccggctaactctgtgccagcagccgcggtaatac
agagggtgcgagcgttaatcggatttactgggcgtaaagcgtgcgtaggcggcttattaa
gtcggatgtgaaatccccgagcttaacttgggaattgcattcgatactggtgagctagag
tatgggagaggatggtagaattccaggtgtagcggtgaaatgcgtagagatctggaggaa
taccgatggcgaaggcagccatctggcctaatactgacgctgaggtacgaaagcatgggg
agcaaacaggattagataccctggtagtccatgccgtaaacgatgtctactagccgttgg
ggcctttgaggctttagtggcgcagctaacgcgataagtagaccgcctggggagtacggt
c
>R.sphaeroides.1 count=1; cluster_weight=1; cluster=R.sphaeroides.1; cluster_score=1.000000; cluster_center=True; 
tggggaatcttagacaatgggcgcaagcctgatctagccatgccgcgtgatcgatgaagg
ccttagggttgtaaagatctttcaggtgggaagataatgacggtaccaccagaagaagcc
ccggctaactccgtgccagcagccgcggtaatacggagggggctagcgttattcggaatt
actgggcgtaaagcgcacgtaggcggatcggaaagtcagaggtgaaatcccagggctcaa
ccctggaactgcctttgaaactcccgatcttgaggtcgagagaggtgagtggaattccga
gtgtagaggtgaaattcgtagatattcggaggaacaccagtggcgaaggcggctcactgg
ctcgatactgacgctgaggtgcgaaagcgtggggagcaaacaggattagataccctggta
gtccacgccgtaaacgatgaatgccagtcgtcgggcagcatgctgttcggtgacacacct
aacggattaagcattccgcctggggagtacggcc
>N.meningitidis.1 count=1; cluster_weight=1; cluster=N.meningitidis.1; cluster_score=1.000000; cluster_center=True; 
tggggaattttggacaatgggcgcaagcctgatccagccatgccgcgtgtctgaagaagg
ccttcgggttgtaaaggacttttgtcagggaagaaaaggctgttgctaatatcagcggct
gatgacggtacctgaagaataagcaccggctaactacgtgccagcagccgcggtaatacg
tagggtgcgagcgttaatcggaattactgggcgtaaagcgggcgcagacggttacttaag
caggatgtgaaatccccgggctcaacccgggaactgcgttctgaactgggtgactcgagt
gtgtcagagggaggtagaattccacgtgtagcagtgaaatgcgtagagatgtggaggaat
accgatggcgaaggcagcctcctgggacaacactgacgttcatgcccgaaagcgtgggta
gcaaacaggattagataccctggtagtccacgccctaaacgatgtcaattagctgttggg
caacctgattgcttggtagcgtagctaacgcgtgaaattgaccgcctggggagtacggtc
>D.radiodurans.1 count=1; cluster_weight=1; cluster=D.radiodurans.1; cluster_score=1.000000; cluster_center=True; 
ttaggaatcttccacaatgggcgcaagcctgatggagcgacgccgcgtDone.
gagggatgaagg
ttttcggatcgtaaacctctgaatctgggacgaaagagccttagggcagatgacggtacc
agagtaatagcaccggctaactccgtgccagcagccgcggtaatacggagggtgcaagcg
ttacccggaatcactgggcgtaaagggcgtgtaggcggaaatttaagtctggttttaaag
accggggctcaacctcggggatggactggatactggatttcttgacctctggagaggtaa
ctggaattcctggtgtagcggtggaatgcgtagataccaggaggaacaccaatggcgaag
gcaagttactggacagaaggtgacgctgaggcgcgaaagtgtggggagcaaaccggatta
gatacccgggtagtccacaccctaaacgatgtacgttggctaagcgcaggatgctgtgct
tggcgaagctaacgcgataaacgtaccgcctgggaagtacggcc
